// Jest Snapshot v1, https://goo.gl/fbAQLP

exports[`should correctly render ConfirmRemovalModal 1`] = `
<Modal
  ariaHideApp={true}
  bodyOpenClassName="ReactModal__Body--open"
  className="modal"
  closeTimeoutMS={200}
  contentLabel="Remove Expense"
  isOpen={true}
  onRequestClose={[Function]}
  parentSelector={[Function]}
  portalClassName="ReactModalPortal"
  shouldCloseOnEsc={true}
  shouldCloseOnOverlayClick={true}
  shouldFocusAfterRender={true}
  shouldReturnFocusAfterClose={true}
>
  <h2
    className="modal__title"
  >
    Removing: 
    Credit Card
  </h2>
  <p
    className="modal__body"
  >
    All the information will be deleted from the database.
    <br />
    This action cannot be undone.
  </p>
  <div
    className="modal__buttons"
  >
    <button
      className="button"
      onClick={[Function]}
    >
      Keep Expense
    </button>
    <button
      className="button button--danger"
      onClick={[Function]}
    >
      Delete Expense
    </button>
  </div>
</Modal>
`;
